Copyright 1986-2018 Xilinx, Inc. All Rights Reserved.
------------------------------------------------------------------------------------
| Tool Version : Vivado v.2018.3 (win64) Build 2405991 Thu Dec  6 23:38:27 MST 2018
| Date         : Sat Nov 16 15:41:40 2019
| Host         : DESKTOP-A11CNTB running 64-bit major release  (build 9200)
| Command      : report_high_fanout_nets -file init_report_high_fanout_nets_0.rpt
| Design       : Stimulator
| Device       : xc7a35ti
------------------------------------------------------------------------------------

High Fan-out Nets Information

1. Summary
----------

+---------------------------------------------------------+--------+-------------+
| Net Name                                                | Fanout | Driver Type |
+---------------------------------------------------------+--------+-------------+
| CLK_IBUF_BUFG                                           |    283 | BUFG        |
| RESET_IBUF                                              |     44 | IBUF        |
| ChannelArray[0].ChannelX/MemArray[0].MemoryX_i_1_n_0    |     32 | LUT3        |
| ChannelArray[1].ChannelX/MemArray[0].MemoryX_i_1__0_n_0 |     32 | LUT3        |
| ChannelArray[0].ChannelX/State[0]                       |     31 | FDRE        |
| ChannelArray[1].ChannelX/State[0]                       |     31 | FDRE        |
| ChannelArray[0].ChannelX/State[2]                       |     29 | FDRE        |
| ChannelArray[1].ChannelX/State[2]                       |     29 | FDRE        |
| ChannelArray[0].ChannelX/State[1]                       |     26 | FDRE        |
| ChannelArray[1].ChannelX/State[1]                       |     26 | FDRE        |
+---------------------------------------------------------+--------+-------------+


