Copyright 1986-2018 Xilinx, Inc. All Rights Reserved.
------------------------------------------------------------------------------------------------
| Tool Version : Vivado v.2018.3 (win64) Build 2405991 Thu Dec  6 23:38:27 MST 2018
| Date         : Sun Sep 15 11:34:55 2019
| Host         : DESKTOP-A11CNTB running 64-bit major release  (build 9200)
| Command      : report_qor_suggestions -max_paths 100 -file route_report_qor_suggestions_0.rpt
| Design       : Stimulator
| Device       : xc7a35ti
------------------------------------------------------------------------------------------------

Report QoR Suggestions

Table of Contents
-----------------
1. QoR Suggestions Report Summary

1. QoR Suggestions Report Summary
---------------------------------

+----------+--------------------+------------------------------------------------------------------------------------------+
| Category | Suggestion Purpose |                                          Details                                         |
+----------+--------------------+------------------------------------------------------------------------------------------+
* No QoR suggestions are provided when the fully routed design is assessed to easily meet timing.


